
Running 4 tests using 4 workers

  ✘  4 [chromium] › e2e\calendar-comprehensive.spec.ts:39:5 › Calendar Comprehensive Tests › Navigation and View Switching (19.4s)
  ✘  1 [chromium] › e2e\calendar-comprehensive.spec.ts:99:5 › Calendar Comprehensive Tests › Event Management (Detail and Status) (33.6s)
  ✘  2 [chromium] › e2e\calendar-comprehensive.spec.ts:71:5 › Calendar Comprehensive Tests › Booking Creation Flow (34.4s)
  ✘  3 [chromium] › e2e\calendar-comprehensive.spec.ts:136:5 › Calendar Comprehensive Tests › Mobile View Integrity (32.4s)


  1) [chromium] › e2e\calendar-comprehensive.spec.ts:39:5 › Calendar Comprehensive Tests › Navigation and View Switching 

    Error: [2mexpect([22m[31mlocator[39m[2m).[22mtoBeVisible[2m([22m[2m)[22m failed

    Locator: locator('button[value="week"][data-state="on"]')
    Expected: visible
    Timeout: 10000ms
    Error: element(s) not found

    Call log:
    [2m  - Expect "toBeVisible" with timeout 10000ms[22m
    [2m  - waiting for locator('button[value="week"][data-state="on"]')[22m


      39 |     test("Navigation and View Switching", async ({ page }) => {
      40 |         // 1. Initial State (Week view by default)
    > 41 |         await expect(page.locator('button[value="week"][data-state="on"]')).toBeVisible({ timeout: 10000 });
         |                                                                             ^
      42 |
      43 |         // 2. Navigation
      44 |         const dateElement = page.locator('span.min-w-\\[180px\\]');
        at C:\Users\42195\Downloads\loveable-PHDbooking-finale-3-3-26\e2e\calendar-comprehensive.spec.ts:41:77

    attachment #1: screenshot (image/png) ──────────────────────────────────────────────────────────
    e2e\e2e-results\test-results\calendar-comprehensive-Cal-b5fa0-vigation-and-View-Switching-chromium\test-failed-1.png
    ────────────────────────────────────────────────────────────────────────────────────────────────

    attachment #2: video (video/webm) ──────────────────────────────────────────────────────────────
    e2e\e2e-results\test-results\calendar-comprehensive-Cal-b5fa0-vigation-and-View-Switching-chromium\video.webm
    ────────────────────────────────────────────────────────────────────────────────────────────────

    Error Context: e2e\e2e-results\test-results\calendar-comprehensive-Cal-b5fa0-vigation-and-View-Switching-chromium\error-context.md

  2) [chromium] › e2e\calendar-comprehensive.spec.ts:71:5 › Calendar Comprehensive Tests › Booking Creation Flow 

    [31mTest timeout of 30000ms exceeded.[39m

    Error: locator.click: Test timeout of 30000ms exceeded.
    Call log:
    [2m  - waiting for locator('button[value="week"]')[22m


      70 |
      71 |     test("Booking Creation Flow", async ({ page }) => {
    > 72 |         await page.locator('button[value="week"]').click();
         |                                                    ^
      73 |         await page.waitForTimeout(2000);
      74 |
      75 |         // 1. Open Booking modal
        at C:\Users\42195\Downloads\loveable-PHDbooking-finale-3-3-26\e2e\calendar-comprehensive.spec.ts:72:52

    attachment #1: screenshot (image/png) ──────────────────────────────────────────────────────────
    e2e\e2e-results\test-results\calendar-comprehensive-Cal-d0f7d-Tests-Booking-Creation-Flow-chromium\test-failed-1.png
    ────────────────────────────────────────────────────────────────────────────────────────────────

    attachment #2: video (video/webm) ──────────────────────────────────────────────────────────────
    e2e\e2e-results\test-results\calendar-comprehensive-Cal-d0f7d-Tests-Booking-Creation-Flow-chromium\video.webm
    ────────────────────────────────────────────────────────────────────────────────────────────────

    Error Context: e2e\e2e-results\test-results\calendar-comprehensive-Cal-d0f7d-Tests-Booking-Creation-Flow-chromium\error-context.md

  3) [chromium] › e2e\calendar-comprehensive.spec.ts:99:5 › Calendar Comprehensive Tests › Event Management (Detail and Status) 

    [31mTest timeout of 30000ms exceeded.[39m

    Error: locator.click: Test timeout of 30000ms exceeded.
    Call log:
    [2m  - waiting for locator('role=option').first()[22m


      107 |             await slot.click({ force: true });
      108 |             await page.locator('button:has-text("Vyberte službu")').click();
    > 109 |             await page.locator('role=option').first().click();
          |                                                       ^
      110 |             await page.locator('button:has-text("Vyberte zamestnanca")').click();
      111 |             await page.locator('role=option').first().click();
      112 |             await page.locator('button.text-xs.py-1\\.5').first().click();
        at C:\Users\42195\Downloads\loveable-PHDbooking-finale-3-3-26\e2e\calendar-comprehensive.spec.ts:109:55

    attachment #1: screenshot (image/png) ──────────────────────────────────────────────────────────
    e2e\e2e-results\test-results\calendar-comprehensive-Cal-46627-nagement-Detail-and-Status--chromium\test-failed-1.png
    ────────────────────────────────────────────────────────────────────────────────────────────────

    attachment #2: video (video/webm) ──────────────────────────────────────────────────────────────
    e2e\e2e-results\test-results\calendar-comprehensive-Cal-46627-nagement-Detail-and-Status--chromium\video.webm
    ────────────────────────────────────────────────────────────────────────────────────────────────

    Error Context: e2e\e2e-results\test-results\calendar-comprehensive-Cal-46627-nagement-Detail-and-Status--chromium\error-context.md

  4) [chromium] › e2e\calendar-comprehensive.spec.ts:136:5 › Calendar Comprehensive Tests › Mobile View Integrity 

    [31mTest timeout of 30000ms exceeded.[39m

    Error: locator.click: Test timeout of 30000ms exceeded.
    Call log:
    [2m  - waiting for locator('button[value="day"]')[22m


      144 |
      145 |         // Check if day view works on mobile
    > 146 |         await page.locator('button[value="day"]').click();
          |                                                   ^
      147 |         await expect(page.locator('button[value="day"][data-state="on"]')).toBeVisible();
      148 |     });
      149 | });
        at C:\Users\42195\Downloads\loveable-PHDbooking-finale-3-3-26\e2e\calendar-comprehensive.spec.ts:146:51

    attachment #1: screenshot (image/png) ──────────────────────────────────────────────────────────
    e2e\e2e-results\test-results\calendar-comprehensive-Cal-33062-Tests-Mobile-View-Integrity-chromium\test-failed-1.png
    ────────────────────────────────────────────────────────────────────────────────────────────────

    attachment #2: video (video/webm) ──────────────────────────────────────────────────────────────
    e2e\e2e-results\test-results\calendar-comprehensive-Cal-33062-Tests-Mobile-View-Integrity-chromium\video.webm
    ────────────────────────────────────────────────────────────────────────────────────────────────

    Error Context: e2e\e2e-results\test-results\calendar-comprehensive-Cal-33062-Tests-Mobile-View-Integrity-chromium\error-context.md

  4 failed
    [chromium] › e2e\calendar-comprehensive.spec.ts:39:5 › Calendar Comprehensive Tests › Navigation and View Switching 
    [chromium] › e2e\calendar-comprehensive.spec.ts:71:5 › Calendar Comprehensive Tests › Booking Creation Flow 
    [chromium] › e2e\calendar-comprehensive.spec.ts:99:5 › Calendar Comprehensive Tests › Event Management (Detail and Status) 
    [chromium] › e2e\calendar-comprehensive.spec.ts:136:5 › Calendar Comprehensive Tests › Mobile View Integrity 

To open last HTML report run:
[36m[39m
[36m  npx playwright show-report e2e\e2e-results\html-report[39m
[36m[39m
